python : F.
所在位置 行:1 字符: 1
+ python test_paper_d
iff.py > test_output.
txt 2>&1
+ ~~~~~~~~~~~~~~~~~~~
~~~~~~~~~~~~~~~~~~~~~
~~~~~~~~
    + CategoryInfo   
           : NotSpe  
  cified: (F.:Stri   
 ng) [], RemoteEx    
ception
    + FullyQualified 
   ErrorId : Native  
  CommandError
 
DEBUG: [('change', 'Para 2.', 'Para 2 changed.'), ('change', 'Para 3.', 'Para 4.')]
=====================
=====================
=====================
=======
FAIL: test_compare_te
xts (__main__.TestPap
erDiff.test_compare_t
exts)
---------------------
---------------------
---------------------
-------
Traceback (most recen
t call last):
  File "E:\what-chang
ed\test_paper_diff.py
", line 26, in test_c
ompare_texts
    self.assertEqual(
len(diffs), 3)
    ~~~~~~~~~~~~~~~~^
^^^^^^^^^^^^^^
AssertionError: 2 != 
3

---------------------
---------------------
---------------------
-------
Ran 2 tests in 0.001s

FAILED (failures=1)
